Microchip MPLAB XC8 Compiler V2.30

Linker command line:

-W-3 --edf=D:\MPlab\pic\dat\en_msgs.txt -cn \
  -h+dist/simproteus/debug\4620TFT_prueba.X.debug.sym \
  --cmf=dist/simproteus/debug\4620TFT_prueba.X.debug.cmf -z -Q18F4620 \
  -oC:\Users\juanp\AppData\Local\Temp\sppkx2 --defsym=__MPLAB_BUILD=1 \
  -Mdist/simproteus/debug/4620TFT_prueba.X.debug.map -E1 -ver=XC8 Compiler \
  --acfsm=1493 -ASTACK=080h-0F7Fh -pstack=STACK -ACODE=00h-0FFFFh \
  -ACONST=00h-0FFFFh -ASMALLCONST=01000h-010FFhx240 \
  -AMEDIUMCONST=01000h-0FFFFh -ACOMRAM=01h-07Fh -AABS1=00h-0F7Fh \
  -ABIGRAM=01h-0F7Fh -ARAM=080h-0FFh,0100h-01FFhx14,0F00h-0F7Fh \
  -ABANK0=080h-0FFh -ABANK1=0100h-01FFh -ABANK2=0200h-02FFh \
  -ABANK3=0300h-03FFh -ABANK4=0400h-04FFh -ABANK5=0500h-05FFh \
  -ABANK6=0600h-06FFh -ABANK7=0700h-07FFh -ABANK8=0800h-08FFh \
  -ABANK9=0900h-09FFh -ABANK10=0A00h-0AFFh -ABANK11=0B00h-0BFFh \
  -ABANK12=0C00h-0CFFh -ABANK13=0D00h-0DFFh -ABANK14=0E00h-0EFFh \
  -ABANK15=0F00h-0F7Fh -ASFR=0F80h-0FFFh -ACONFIG=0300000h-030000Dh \
  -AIDLOC=0200000h-0200007h -AEEDATA=0F00000h-0F003FFh -peeprom_data=EEDATA \
  -preset_vec=00h,intcode=08h,intcodelo,powerup,init -pramtop=01000h \
  -psmallconst=SMALLCONST -pmediumconst=MEDIUMCONST -pconst=CONST \
  -AFARRAM=00h-00h \
  -prdata=COMRAM,nvrram=COMRAM,nvbit=COMRAM,rbss=COMRAM,rbit=COMRAM \
  -pfarbss=FARRAM,fardata=FARRAM,nvFARRAM=FARRAM \
  -pintsave_regs=BIGRAM,bigbss=BIGRAM,bigdata=BIGRAM -pbss=RAM \
  -pidata=CODE,irdata=CODE,ibigdata=CODE,ifardata=CODE -prparam=COMRAM \
  C:\Users\juanp\AppData\Local\Temp\sppkx8.o \
  dist/simproteus/debug\4620TFT_prueba.X.debug.o 

Object code version is 3.11

Machine type is 18F4620



                Name                               Link     Load   Length Selector   Space Scale
C:\Users\juanp\AppData\Local\Temp\sppkx8.o
                idloc                            200000   200000        8        0       5
                config                           300000   300000        E        0       4
                init                                  E        E        4        4       0
                reset_vec                             0        0        4        0       0
dist/simproteus/debug\4620TFT_prueba.X.debug.o
                intcode                               8        8        6        4       0
                idloc                            200000   200000        8        0       5
                config                           300000   300000        E        0       4
                temp                                 7D       7D        1        1       1
                mediumconst                        F97E     F97E      682     7CBF       0
                intcode_body                        C2C      C2C       20        4       0
                text30                              C94      C94       14        4       0
                text29                              BDC      BDC       2A        4       0
                text28                              888      888       8E        4       0
                text27                              D16      D16        6      682       0
                text26                              C06      C06       26        4       0
                text25                              D20      D20        2      682       0
                text24                              C80      C80       14        4       0
                text23                              CCC      CCC       12        4       0
                text22                              D10      D10        6      682       0
                text21                              CDE      CDE       10        4       0
                text20                              CEE      CEE        E        4       0
                text19                              916      916       74        4       0
                text18                              D1C      D1C        4      682       0
                text17                              B22      B22       52        4       0
                text16                              7E0      7E0       A8        4       0
                text15                              ACC      ACC       56        4       0
                text14                              5DA      5DA      11C        4       0
                text13                               12       12      296        4       0
                text12                              98A      98A       70        4       0
                text11                              CBA      CBA       12        4       0
                text10                              CA8      CA8       12        4       0
                text9                               C4C      C4C       1E        4       0
                text8                               BAE      BAE       2E        4       0
                text7                               C6A      C6A       16        4       0
                text6                               46E      46E      16C        4       0
                text5                               2A8      2A8      1C6        4       0
                text4                               D0A      D0A        6      682       0
                text3                               D04      D04        6      682       0
                text2                               9FA      9FA       6C        4       0
                text1                               6F6      6F6       EA        4       0
                text0                               A66      A66       66        4       0
                cstackCOMRAM                         41       41       35        1       1
                dataCOMRAM                           76       76        7        1       1
                bssCOMRAM                             1        1       40        1       1
                cinit                               B74      B74       3A        4       0
                idataCOMRAM                         CFC      CFC        7        4       0

TOTAL           Name                               Link     Load   Length     Space
        CLASS   STACK          

        CLASS   CODE           
                intcode                               8        8        6         0
                init                                  E        E        4         0
                reset_vec                             0        0        4         0
                intcode_body                        C2C      C2C       20         0
                text30                              C94      C94       14         0
                text29                              BDC      BDC       2A         0
                text28                              888      888       8E         0
                text27                              D16      D16        6         0
                text26                              C06      C06       26         0
                text25                              D20      D20        2         0
                text24                              C80      C80       14         0
                text23                              CCC      CCC       12         0
                text22                              D10      D10        6         0
                text21                              CDE      CDE       10         0
                text20                              CEE      CEE        E         0
                text19                              916      916       74         0
                text18                              D1C      D1C        4         0
                text17                              B22      B22       52         0
                text16                              7E0      7E0       A8         0
                text15                              ACC      ACC       56         0
                text14                              5DA      5DA      11C         0
                text13                               12       12      296         0
                text12                              98A      98A       70         0
                text11                              CBA      CBA       12         0
                text10                              CA8      CA8       12         0
                text9                               C4C      C4C       1E         0
                text8                               BAE      BAE       2E         0
                text7                               C6A      C6A       16         0
                text6                               46E      46E      16C         0
                text5                               2A8      2A8      1C6         0
                text4                               D0A      D0A        6         0
                text3                               D04      D04        6         0
                text2                               9FA      9FA       6C         0
                text1                               6F6      6F6       EA         0
                text0                               A66      A66       66         0
                cinit                               B74      B74       3A         0
                idataCOMRAM                         CFC      CFC        7         0

        CLASS   CONST          

        CLASS   SMALLCONST     

        CLASS   MEDIUMCONST    
                mediumconst                        F97E     F97E      682         0

        CLASS   COMRAM         
                temp                                 7D       7D        1         1
                cstackCOMRAM                         41       41       35         1
                dataCOMRAM                           76       76        7         1
                bssCOMRAM                             1        1       40         1

        CLASS   ABS1           

        CLASS   BIGRAM         

        CLASS   RAM            

        CLASS   BANK0          

        CLASS   BANK1          

        CLASS   BANK2          

        CLASS   BANK3          

        CLASS   BANK4          

        CLASS   BANK5          

        CLASS   BANK6          

        CLASS   BANK7          

        CLASS   BANK8          

        CLASS   BANK9          

        CLASS   BANK10         

        CLASS   BANK11         

        CLASS   BANK12         

        CLASS   BANK13         

        CLASS   BANK14         

        CLASS   BANK15         

        CLASS   SFR            

        CLASS   CONFIG         
                config                           300000   300000        E         4

        CLASS   IDLOC          
                idloc                            200000   200000        8         5

        CLASS   EEDATA         

        CLASS   FARRAM         



SEGMENTS        Name                           Load    Length   Top    Selector   Space  Class

                reset_vec                      000000  000004  000004         0       0  CODE    
                bssCOMRAM                      000001  00007D  00007E         1       1  COMRAM  
                intcode                        000008  000CFB  000D03         4       0  CODE    
                text3                          000D04  00001E  000D22       682       0  CODE    
                mediumconst                    00F97E  000682  010000      7CBF       0  MEDIUMCO


UNUSED ADDRESS RANGES

        Name                Unused          Largest block    Delta
        BANK0            000080-0000FF               80
        BANK1            000100-0001FF              100
        BANK10           000A00-000AFF              100
        BANK11           000B00-000BFF              100
        BANK12           000C00-000CFF              100
        BANK13           000D00-000DFF              100
        BANK14           000E00-000EFF              100
        BANK15           000F00-000F7F               80
        BANK2            000200-0002FF              100
        BANK3            000300-0003FF              100
        BANK4            000400-0004FF              100
        BANK5            000500-0005FF              100
        BANK6            000600-0006FF              100
        BANK7            000700-0007FF              100
        BANK8            000800-0008FF              100
        BANK9            000900-0009FF              100
        BIGRAM           00007E-000F7F              F02
        CODE             000004-000007                4
                         000D03-000D03                1
                         000D22-00F97D             EC5C
        COMRAM           00007E-00007F                2
        CONST            000004-000007                4
                         000D03-000D03                1
                         000D22-00F97D             EC5C
        EEDATA           F00000-F003FF              400
        MEDIUMCONST      001000-00F97D             E97E
        RAM              000080-000F7F              100
        SFR              000F80-000FFF               80
        SMALLCONST       001000-00F97D              100
        STACK            000080-000F7F              F00

                                  Symbol Table

?___lmul                          cstackCOMRAM 000041
SPI1_ExchangeByte@data            cstackCOMRAM 000041
SPI1_Open@spi1UniqueConfiguration cstackCOMRAM 000042
_ADCON1                           (abs)        000FC1
_BRGH                             (abs)        007D62
_CMCON                            (abs)        000FB4
_CREN                             (abs)        007D5C
_GIE                              (abs)        007F97
_InitApp                          text29       000BDC
_LATA                             (abs)        000F89
_LATAbits                         (abs)        000F89
_LATB                             (abs)        000F8A
_LATC                             (abs)        000F8B
_LATCbits                         (abs)        000F8B
_LATD                             (abs)        000F8C
_LATE                             (abs)        000F8D
_OSCILLATOR_Initialize            text27       000D16
_OSCTUNE                          (abs)        000F9B
_PEIE                             (abs)        007F96
_PIN_MANAGER_Initialize           text26       000C06
_PMD_Initialize                   text25       000D20
_PORTAbits                        (abs)        000F80
_PSA                              (abs)        007EAB
_RCIF                             (abs)        007CF5
_RCREG                            (abs)        000FAE
_SPBRG                            (abs)        000FAF
_SPEN                             (abs)        007D5F
_SPI1_ExchangeByte                text21       000CDE
_SPI1_Initialize                  text24       000C80
_SPI1_Open                        text28       000888
_SSPADD                           (abs)        000FC8
_SSPBUF                           (abs)        000FC9
_SSPCON1                          (abs)        000FC6
_SSPCON1bits                      (abs)        000FC6
_SSPCON2                          (abs)        000FC5
_SSPIF                            (abs)        007CF3
_SSPSTAT                          (abs)        000FC7
_SYNC                             (abs)        007D64
_SYSTEM_Initialize                text23       000CCC
_T0CS                             (abs)        007EAD
_T0PS0                            (abs)        007EA8
_T0PS1                            (abs)        007EA9
_T0PS2                            (abs)        007EAA
_TMR0                             (abs)        000FD6
_TMR0IE                           (abs)        007F95
_TMR0IF                           (abs)        007F92
_TRISA                            (abs)        000F92
_TRISB                            (abs)        000F93
_TRISC0                           (abs)        007CA0
_TRISC1                           (abs)        007CA1
_TRISC6                           (abs)        007CA6
_TRISC7                           (abs)        007CA7
_TRISCbits                        (abs)        000F94
_TRISD                            (abs)        000F95
_TRISDbits                        (abs)        000F95
_TRISE                            (abs)        000F96
_TXEN                             (abs)        007D65
__HRAM                            (abs)        000000
__Habs1                           abs1         000000
__Hbank0                          bank0        000000
__Hbank1                          bank1        000000
__Hbank10                         bank10       000000
__Hbank11                         bank11       000000
__Hbank12                         bank12       000000
__Hbank13                         bank13       000000
__Hbank14                         bank14       000000
__Hbank15                         bank15       000000
__Hbank2                          bank2        000000
__Hbank3                          bank3        000000
__Hbank4                          bank4        000000
__Hbank5                          bank5        000000
__Hbank6                          bank6        000000
__Hbank7                          bank7        000000
__Hbank8                          bank8        000000
__Hbank9                          bank9        000000
__Hbigbss                         bigbss       000000
__Hbigdata                        bigdata      000000
__Hbigram                         bigram       000000
__Hbss                            bss          000000
__HbssCOMRAM                      bssCOMRAM    000000
__Hcinit                          cinit        000000
__Hclrtext                        clrtext      000000
__Hcomram                         comram       000000
__Hconfig                         config       30000E
__Hconst                          const        000000
__HcstackCOMRAM                   cstackCOMRAM 000000
__Hdata                           data         000000
__HdataCOMRAM                     dataCOMRAM   000000
__Heeprom_data                    eeprom_data  000000
__Hfarbss                         farbss       000000
__Hfardata                        fardata      000000
__Hibigdata                       ibigdata     000000
__Hidata                          idata        000000
__HidataCOMRAM                    idataCOMRAM  000000
__Hidloc                          idloc        200008
__Hifardata                       ifardata     000000
__Hinit                           init         000012
__Hintcode                        intcode      00000E
__Hintcode_body                   intcode_body 000000
__Hintcodelo                      intcodelo    00000E
__Hintentry                       intentry     000000
__Hintret                         intret       000000
__Hintsave_regs                   intsave_regs 000000
__Hirdata                         irdata       000000
__Hmediumconst                    mediumconst  010000
__HnvFARRAM                       nvFARRAM     000000
__Hnvbit                          nvbit        000000
__Hnvrram                         nvrram       000000
__Hparam                          rparam       000000
__Hpowerup                        powerup      00000E
__Hram                            ram          000000
__Hramtop                         ramtop       001000
__Hrbit                           rbit         000000
__Hrbss                           rbss         000000
__Hrdata                          rdata        000000
__Hreset_vec                      reset_vec    000004
__Hrparam                         rparam       000000
__Hsfr                            sfr          000000
__Hsmallconst                     smallconst   000000
__Hspace_0                        (abs)        010000
__Hspace_1                        (abs)        00007E
__Hspace_2                        (abs)        000000
__Hspace_4                        (abs)        60000E
__Hstack                          stack        000000
__Hstruct                         struct       000000
__Htemp                           temp         00007E
__Htext                           text         000000
__Htext0                          text0        000000
__Htext1                          text1        000000
__Htext10                         text10       000000
__Htext11                         text11       000000
__Htext12                         text12       000000
__Htext13                         text13       000000
__Htext14                         text14       000000
__Htext15                         text15       000000
__Htext16                         text16       000000
__Htext17                         text17       000000
__Htext18                         text18       000000
__Htext19                         text19       000000
__Htext2                          text2        000000
__Htext20                         text20       000000
__Htext21                         text21       000000
__Htext22                         text22       000000
__Htext23                         text23       000000
__Htext24                         text24       000000
__Htext25                         text25       000000
__Htext26                         text26       000000
__Htext27                         text27       000000
__Htext28                         text28       000000
__Htext29                         text29       000000
__Htext3                          text3        000000
__Htext30                         text30       000000
__Htext4                          text4        000000
__Htext5                          text5        000000
__Htext6                          text6        000000
__Htext7                          text7        000000
__Htext8                          text8        000000
__Htext9                          text9        000000
__LRAM                            (abs)        000001
__Labs1                           abs1         000000
__Lbank0                          bank0        000000
__Lbank1                          bank1        000000
__Lbank10                         bank10       000000
__Lbank11                         bank11       000000
__Lbank12                         bank12       000000
__Lbank13                         bank13       000000
__Lbank14                         bank14       000000
__Lbank15                         bank15       000000
__Lbank2                          bank2        000000
__Lbank3                          bank3        000000
__Lbank4                          bank4        000000
__Lbank5                          bank5        000000
__Lbank6                          bank6        000000
__Lbank7                          bank7        000000
__Lbank8                          bank8        000000
__Lbank9                          bank9        000000
__Lbigbss                         bigbss       000000
__Lbigdata                        bigdata      000000
__Lbigram                         bigram       000000
__Lbss                            bss          000000
__LbssCOMRAM                      bssCOMRAM    000000
__Lcinit                          cinit        000000
__Lclrtext                        clrtext      000000
__Lcomram                         comram       000000
__Lconfig                         config       000000
__Lconst                          const        000000
__LcstackCOMRAM                   cstackCOMRAM 000000
__Ldata                           data         000000
__LdataCOMRAM                     dataCOMRAM   000000
__Leeprom_data                    eeprom_data  000000
__Lfarbss                         farbss       000000
__Lfardata                        fardata      000000
__Libigdata                       ibigdata     000000
__Lidata                          idata        000000
__LidataCOMRAM                    idataCOMRAM  000000
__Lidloc                          idloc        000000
__Lifardata                       ifardata     000000
__Linit                           init         00000E
__Lintcode                        intcode      000008
__Lintcode_body                   intcode_body 000000
__Lintcodelo                      intcodelo    00000E
__Lintentry                       intentry     000000
__Lintret                         intret       000000
__Lintsave_regs                   intsave_regs 000000
__Lirdata                         irdata       000000
__Lmediumconst                    mediumconst  00F97E
__LnvFARRAM                       nvFARRAM     000000
__Lnvbit                          nvbit        000000
__Lnvrram                         nvrram       000000
__Lparam                          rparam       000000
__Lpowerup                        powerup      00000E
__Lram                            ram          000000
__Lramtop                         ramtop       001000
__Lrbit                           rbit         000000
__Lrbss                           rbss         000000
__Lrdata                          rdata        000000
__Lreset_vec                      reset_vec    000000
__Lrparam                         rparam       000000
__Lsfr                            sfr          000000
__Lsmallconst                     smallconst   000000
__Lspace_0                        (abs)        000000
__Lspace_1                        (abs)        000000
__Lspace_2                        (abs)        000000
__Lspace_4                        (abs)        000000
__Lstack                          stack        000000
__Lstruct                         struct       000000
__Ltemp                           temp         00007D
__Ltext                           text         000000
__Ltext0                          text0        000000
__Ltext1                          text1        000000
__Ltext10                         text10       000000
__Ltext11                         text11       000000
__Ltext12                         text12       000000
__Ltext13                         text13       000000
__Ltext14                         text14       000000
__Ltext15                         text15       000000
__Ltext16                         text16       000000
__Ltext17                         text17       000000
__Ltext18                         text18       000000
__Ltext19                         text19       000000
__Ltext2                          text2        000000
__Ltext20                         text20       000000
__Ltext21                         text21       000000
__Ltext22                         text22       000000
__Ltext23                         text23       000000
__Ltext24                         text24       000000
__Ltext25                         text25       000000
__Ltext26                         text26       000000
__Ltext27                         text27       000000
__Ltext28                         text28       000000
__Ltext29                         text29       000000
__Ltext3                          text3        000000
__Ltext30                         text30       000000
__Ltext4                          text4        000000
__Ltext5                          text5        000000
__Ltext6                          text6        000000
__Ltext7                          text7        000000
__Ltext8                          text8        000000
__Ltext9                          text9        000000
__S0                              (abs)        010000
__S1                              (abs)        00007E
__S2                              (abs)        000000
__S4                              (abs)        000000
__S5                              (abs)        000000
___inthi_sp                       stack        000000
___intlo_sp                       stack        000000
___lmul                           text15       000ACC
___lmul@multiplicand              cstackCOMRAM 000045
___lmul@multiplier                cstackCOMRAM 000041
___lmul@product                   cstackCOMRAM 000049
___param_bank                     (abs)        000000
___rparam_used                    (abs)        000001
___sp                             stack        000000
__accesstop                       (abs)        000080
__activetblptr                    (abs)        000002
__end_of_InitApp                  text29       000C06
__end_of_OSCILLATOR_Initialize    text27       000D1C
__end_of_PIN_MANAGER_Initialize   text26       000C2C
__end_of_PMD_Initialize           text25       000D22
__end_of_SPI1_ExchangeByte        text21       000CEE
__end_of_SPI1_Initialize          text24       000C94
__end_of_SPI1_Open                text28       000916
__end_of_SYSTEM_Initialize        text23       000CDE
__end_of___lmul                   text15       000B22
__end_of__initialization          cinit        000BA0
__end_of_actmef                   text6        0005DA
__end_of_actmefcora               text5        00046E
__end_of_disp_texto               text12       0009FA
__end_of_display_print            text13       0002A8
__end_of_display_setCursor        text11       000CCC
__end_of_display_setTextColor2    text10       000CBA
__end_of_display_setTextSize      text9        000C6A
__end_of_drawPixel                text17       000B74
__end_of_drawVLine                text16       000888
__end_of_endWrite                 text22       000D16
__end_of_fillRect                 text14       0006F6
__end_of_fillScreen               text8        000BDC
__end_of_font                     mediumconst  00FE7F
__end_of_inimef                   text4        000D10
__end_of_inimefcora               text3        000D0A
__end_of_initcmd                  mediumconst  00FEF2
__end_of_isr                      intcode_body 000C4C
__end_of_main                     text0        000ACC
__end_of_setAddrWindow            text19       00098A
__end_of_setRotation              text2        000A66
__end_of_spi1_configuration       mediumconst  00FE83
__end_of_startWrite               text18       000D20
__end_of_tft_begin                text1        0007E0
__end_of_uartConfig               text30       000CA8
__end_of_uartReadByte             text7        000C80
__end_of_writeCommand             text20       000CFC
__height                          bssCOMRAM    00001F
__initialization                  cinit        000B74
__mediumconst                     mediumconst  00F97E
__pbssCOMRAM                      bssCOMRAM    000001
__pcinit                          cinit        000B74
__pcstackCOMRAM                   cstackCOMRAM 000041
__pdataCOMRAM                     dataCOMRAM   000076
__pidataCOMRAM                    idataCOMRAM  000CFC
__pintcode                        intcode      000008
__pintcode_body                   intcode_body 000C2C
__pmediumconst                    mediumconst  00F97E
__ptext0                          text0        000A66
__ptext1                          text1        0006F6
__ptext10                         text10       000CA8
__ptext11                         text11       000CBA
__ptext12                         text12       00098A
__ptext13                         text13       000012
__ptext14                         text14       0005DA
__ptext15                         text15       000ACC
__ptext16                         text16       0007E0
__ptext17                         text17       000B22
__ptext18                         text18       000D1C
__ptext19                         text19       000916
__ptext2                          text2        0009FA
__ptext20                         text20       000CEE
__ptext21                         text21       000CDE
__ptext22                         text22       000D10
__ptext23                         text23       000CCC
__ptext24                         text24       000C80
__ptext25                         text25       000D20
__ptext26                         text26       000C06
__ptext27                         text27       000D16
__ptext28                         text28       000888
__ptext29                         text29       000BDC
__ptext3                          text3        000D04
__ptext30                         text30       000C94
__ptext4                          text4        000D0A
__ptext5                          text5        0002A8
__ptext6                          text6        00046E
__ptext7                          text7        000C6A
__ptext8                          text8        000BAE
__ptext9                          text9        000C4C
__ramtop                          ramtop       001000
__size_of_InitApp                 (abs)        000000
__size_of_OSCILLATOR_Initialize   (abs)        000000
__size_of_PIN_MANAGER_Initialize  (abs)        000000
__size_of_PMD_Initialize          (abs)        000000
__size_of_SPI1_ExchangeByte       (abs)        000000
__size_of_SPI1_Initialize         (abs)        000000
__size_of_SPI1_Open               (abs)        000000
__size_of_SYSTEM_Initialize       (abs)        000000
__size_of___lmul                  (abs)        000000
__size_of_actmef                  (abs)        000000
__size_of_actmefcora              (abs)        000000
__size_of_disp_texto              (abs)        000000
__size_of_display_print           (abs)        000000
__size_of_display_setCursor       (abs)        000000
__size_of_display_setTextColor2   (abs)        000000
__size_of_display_setTextSize     (abs)        000000
__size_of_drawPixel               (abs)        000000
__size_of_drawVLine               (abs)        000000
__size_of_endWrite                (abs)        000000
__size_of_fillRect                (abs)        000000
__size_of_fillScreen              (abs)        000000
__size_of_inimef                  (abs)        000000
__size_of_inimefcora              (abs)        000000
__size_of_isr                     (abs)        000000
__size_of_main                    (abs)        000000
__size_of_setAddrWindow           (abs)        000000
__size_of_setRotation             (abs)        000000
__size_of_startWrite              (abs)        000000
__size_of_tft_begin               (abs)        000000
__size_of_uartConfig              (abs)        000000
__size_of_uartReadByte            (abs)        000000
__size_of_writeCommand            (abs)        000000
__smallconst                      smallconst   000000
__width                           bssCOMRAM    000021
_actmef                           text6        00046E
_actmefcora                       text5        0002A8
_cursor_x                         bssCOMRAM    00001D
_cursor_y                         bssCOMRAM    00001B
_dato                             bssCOMRAM    000027
_dato1                            bssCOMRAM    000029
_disp_texto                       text12       00098A
_display_print                    text13       000012
_display_setCursor                text11       000CBA
_display_setTextColor2            text10       000CA8
_display_setTextSize              text9        000C4C
_display_setTextSize$704          cstackCOMRAM 000041
_drawPixel                        text17       000B22
_drawVLine                        text16       0007E0
_endWrite                         text22       000D10
_estado_Corazon                   bssCOMRAM    000026
_estado_Display                   bssCOMRAM    000025
_fillRect                         text14       0005DA
_fillScreen                       text8        000BAE
_font                             mediumconst  00F97F
_i                                bssCOMRAM    000028
_inimef                           text4        000D0A
_inimefcora                       text3        000D04
_initcmd                          mediumconst  00FE83
_isr                              intcode      000008
_main                             text0        000A66
_nRBPU                            (abs)        007F8F
_o2                               bssCOMRAM    000001
_rotation                         bssCOMRAM    00002A
_setAddrWindow                    text19       000916
_setRotation                      text2        0009FA
_spi1_configuration               mediumconst  00FE7F
_startWrite                       text18       000D1C
_textbgcolor                      dataCOMRAM   000078
_textcolor                        dataCOMRAM   00007A
_textsize                         dataCOMRAM   00007C
_tft_begin                        text1        0006F6
_tickCounter                      bssCOMRAM    000015
_uartConfig                       text30       000C94
_uartReadByte                     text7        000C6A
_wrap                             dataCOMRAM   000076
_writeCommand                     text20       000CEE
actmef@dato1                      bssCOMRAM    000040
actmef@dato2                      bssCOMRAM    00003F
actmef@hr                         bssCOMRAM    00002B
actmef@i                          bssCOMRAM    000019
actmef@s02                        bssCOMRAM    000035
btemp                             temp         00007D
disp_texto@cadena                 cstackCOMRAM 00006D
disp_texto@i                      cstackCOMRAM 000071
display_print@c                   cstackCOMRAM 00006A
display_print@i                   cstackCOMRAM 00006C
display_print@j                   cstackCOMRAM 00006B
display_print@line                cstackCOMRAM 000069
display_setCursor@x               cstackCOMRAM 000041
display_setCursor@y               cstackCOMRAM 000043
display_setTextColor2@c           cstackCOMRAM 000041
display_setTextSize@s             cstackCOMRAM 000043
drawPixel@color                   cstackCOMRAM 000055
drawPixel@x                       cstackCOMRAM 000051
drawPixel@y                       cstackCOMRAM 000053
drawVLine@color                   cstackCOMRAM 000057
drawVLine@h                       cstackCOMRAM 000055
drawVLine@hi                      cstackCOMRAM 00005D
drawVLine@lo                      cstackCOMRAM 00005E
drawVLine@x                       cstackCOMRAM 000051
drawVLine@y                       cstackCOMRAM 000053
end_of_initialization             cinit        000BA0
fillRect@color                    cstackCOMRAM 000059
fillRect@h                        cstackCOMRAM 000057
fillRect@hi                       cstackCOMRAM 000063
fillRect@lo                       cstackCOMRAM 000064
fillRect@px                       cstackCOMRAM 00005F
fillRect@w                        cstackCOMRAM 000055
fillRect@x                        cstackCOMRAM 000051
fillRect@y                        cstackCOMRAM 000053
fillScreen@color                  cstackCOMRAM 000065
int$flags                         temp         00007D
int_func                          intcode_body 000C2C
intlevel0                         text         000000
intlevel1                         text         000000
intlevel2                         text         000000
intlevel3                         text         000000
setAddrWindow@h                   cstackCOMRAM 000049
setAddrWindow@w                   cstackCOMRAM 000047
setAddrWindow@x1                  cstackCOMRAM 000043
setAddrWindow@x2                  cstackCOMRAM 00004D
setAddrWindow@y1                  cstackCOMRAM 000045
setAddrWindow@y2                  cstackCOMRAM 00004F
setRotation@m                     cstackCOMRAM 000043
stackhi                           (abs)        000F7F
stacklo                           (abs)        000080
start                             init         00000E
start_initialization              cinit        000B74
tft_begin@addr                    cstackCOMRAM 000048
tft_begin@cmd                     cstackCOMRAM 000047
tft_begin@numArgs                 cstackCOMRAM 000045
tft_begin@x                       cstackCOMRAM 000046
ttemp5                            temp         00007E
ttemp6                            temp         000081
ttemp7                            temp         000085
uartReadByte@receivedByte         cstackCOMRAM 000041
writeCommand@cmd                  cstackCOMRAM 000042
wtemp8                            temp         00007E


FUNCTION INFORMATION:

 *************** function _main *****************
 Defined at:
		line 63 in file "main.c"
 Parameters:    Size  Location     Type
		None
 Auto vars:     Size  Location     Type
		None
 Return value:  Size  Location     Type
                  1    wreg      void 
 Registers used:
		wreg, fsr0l, fsr0h, fsr2l, fsr2h, status,2, status,0, tblptrl, tblptrh, tblptru, prodl, prodh, cstack
 Tracked objects:
		On entry : 
		On exit  : 
		Unchanged: 
 Data sizes:     COMRAM   BANK0   BANK1   BANK2   BANK3   BANK4   BANK5   BANK6   BANK7   BANK8   BANK9  BANK10  BANK11  BANK12  BANK13  BANK14  BANK15
      Params:         0       0       0       0       0       0       0       0       0       0       0       0       0       0       0       0       0
      Locals:         0       0       0       0       0       0       0       0       0       0       0       0       0       0       0       0       0
      Temps:          2       0       0       0       0       0       0       0       0       0       0       0       0       0       0       0       0
      Totals:         2       0       0       0       0       0       0       0       0       0       0       0       0       0       0       0       0
Total ram usage:        2 bytes
 Hardware stack levels required when called:    8
 This function calls:
		_InitApp
		_SPI1_Open
		_SYSTEM_Initialize
		_actmef
		_actmefcora
		_fillScreen
		_inimef
		_inimefcora
		_setRotation
		_tft_begin
 This function is called by:
		Startup code after reset
 This function uses a non-reentrant model


 *************** function _tft_begin *****************
 Defined at:
		line 94 in file "ILI9341.c"
 Parameters:    Size  Location     Type
		None
 Auto vars:     Size  Location     Type
  addr            2    7[COMRAM] PTR const unsigned char 
		 -> initcmd(111), 
  cmd             1    6[COMRAM] unsigned char 
  x               1    5[COMRAM] unsigned char 
  numArgs         1    4[COMRAM] unsigned char 
 Return value:  Size  Location     Type
                  1    wreg      void 
 Registers used:
		wreg, status,2, status,0, tblptrl, tblptrh, tblptru, cstack
 Tracked objects:
		On entry : 
		On exit  : 
		Unchanged: 
 Data sizes:     COMRAM   BANK0   BANK1   BANK2   BANK3   BANK4   BANK5   BANK6   BANK7   BANK8   BANK9  BANK10  BANK11  BANK12  BANK13  BANK14  BANK15
      Params:         0       0       0       0       0       0       0       0       0       0       0       0       0       0       0       0       0
      Locals:         5       0       0       0       0       0       0       0       0       0       0       0       0       0       0       0       0
      Temps:          2       0       0       0       0       0       0       0       0       0       0       0       0       0       0       0       0
      Totals:         7       0       0       0       0       0       0       0       0       0       0       0       0       0       0       0       0
Total ram usage:        7 bytes
 Hardware stack levels used:    1
 Hardware stack levels required when called:    3
 This function calls:
		_SPI1_ExchangeByte
		_endWrite
		_startWrite
		_writeCommand
 This function is called by:
		_main
 This function uses a non-reentrant model


 *************** function _setRotation *****************
 Defined at:
		line 175 in file "ILI9341.c"
 Parameters:    Size  Location     Type
  m               1    wreg     unsigned char 
 Auto vars:     Size  Location     Type
  m               1    2[COMRAM] unsigned char 
 Return value:  Size  Location     Type
                  1    wreg      void 
 Registers used:
		wreg, status,2, status,0, cstack
 Tracked objects:
		On entry : 
		On exit  : 
		Unchanged: 
 Data sizes:     COMRAM   BANK0   BANK1   BANK2   BANK3   BANK4   BANK5   BANK6   BANK7   BANK8   BANK9  BANK10  BANK11  BANK12  BANK13  BANK14  BANK15
      Params:         0       0       0       0       0       0       0       0       0       0       0       0       0       0       0       0       0
      Locals:         1       0       0       0       0       0       0       0       0       0       0       0       0       0       0       0       0
      Temps:          0       0       0       0       0       0       0       0       0       0       0       0       0       0       0       0       0
      Totals:         1       0       0       0       0       0       0       0       0       0       0       0       0       0       0       0       0
Total ram usage:        1 bytes
 Hardware stack levels used:    1
 Hardware stack levels required when called:    3
 This function calls:
		_SPI1_ExchangeByte
		_endWrite
		_startWrite
		_writeCommand
 This function is called by:
		_main
 This function uses a non-reentrant model


 *************** function _inimefcora *****************
 Defined at:
		line 179 in file "user.c"
 Parameters:    Size  Location     Type
		None
 Auto vars:     Size  Location     Type
		None
 Return value:  Size  Location     Type
                  1    wreg      void 
 Registers used:
		wreg, status,2
 Tracked objects:
		On entry : 
		On exit  : 
		Unchanged: 
 Data sizes:     COMRAM   BANK0   BANK1   BANK2   BANK3   BANK4   BANK5   BANK6   BANK7   BANK8   BANK9  BANK10  BANK11  BANK12  BANK13  BANK14  BANK15
      Params:         0       0       0       0       0       0       0       0       0       0       0       0       0       0       0       0       0
      Locals:         0       0       0       0       0       0       0       0       0       0       0       0       0       0       0       0       0
      Temps:          0       0       0       0       0       0       0       0       0       0       0       0       0       0       0       0       0
      Totals:         0       0       0       0       0       0       0       0       0       0       0       0       0       0       0       0       0
Total ram usage:        0 bytes
 Hardware stack levels used:    1
 Hardware stack levels required when called:    1
 This function calls:
		Nothing
 This function is called by:
		_main
 This function uses a non-reentrant model


 *************** function _inimef *****************
 Defined at:
		line 176 in file "user.c"
 Parameters:    Size  Location     Type
		None
 Auto vars:     Size  Location     Type
		None
 Return value:  Size  Location     Type
                  1    wreg      void 
 Registers used:
		wreg, status,2
 Tracked objects:
		On entry : 
		On exit  : 
		Unchanged: 
 Data sizes:     COMRAM   BANK0   BANK1   BANK2   BANK3   BANK4   BANK5   BANK6   BANK7   BANK8   BANK9  BANK10  BANK11  BANK12  BANK13  BANK14  BANK15
      Params:         0       0       0       0       0       0       0       0       0       0       0       0       0       0       0       0       0
      Locals:         0       0       0       0       0       0       0       0       0       0       0       0       0       0       0       0       0
      Temps:          0       0       0       0       0       0       0       0       0       0       0       0       0       0       0       0       0
      Totals:         0       0       0       0       0       0       0       0       0       0       0       0       0       0       0       0       0
Total ram usage:        0 bytes
 Hardware stack levels used:    1
 Hardware stack levels required when called:    1
 This function calls:
		Nothing
 This function is called by:
		_main
 This function uses a non-reentrant model


 *************** function _actmefcora *****************
 Defined at:
		line 255 in file "user.c"
 Parameters:    Size  Location     Type
		None
 Auto vars:     Size  Location     Type
		None
 Return value:  Size  Location     Type
                  1    wreg      void 
 Registers used:
		wreg, status,2, status,0, cstack
 Tracked objects:
		On entry : 
		On exit  : 
		Unchanged: 
 Data sizes:     COMRAM   BANK0   BANK1   BANK2   BANK3   BANK4   BANK5   BANK6   BANK7   BANK8   BANK9  BANK10  BANK11  BANK12  BANK13  BANK14  BANK15
      Params:         0       0       0       0       0       0       0       0       0       0       0       0       0       0       0       0       0
      Locals:         0       0       0       0       0       0       0       0       0       0       0       0       0       0       0       0       0
      Temps:          0       0       0       0       0       0       0       0       0       0       0       0       0       0       0       0       0
      Totals:         0       0       0       0       0       0       0       0       0       0       0       0       0       0       0       0       0
Total ram usage:        0 bytes
 Hardware stack levels used:    1
 Hardware stack levels required when called:    5
 This function calls:
		_fillRect
 This function is called by:
		_main
 This function uses a non-reentrant model


 *************** function _actmef *****************
 Defined at:
		line 183 in file "user.c"
 Parameters:    Size  Location     Type
		None
 Auto vars:     Size  Location     Type
		None
 Return value:  Size  Location     Type
                  1    wreg      void 
 Registers used:
		wreg, fsr0l, fsr0h, fsr2l, fsr2h, status,2, status,0, tblptrl, tblptrh, tblptru, prodl, prodh, cstack
 Tracked objects:
		On entry : 
		On exit  : 
		Unchanged: 
 Data sizes:     COMRAM   BANK0   BANK1   BANK2   BANK3   BANK4   BANK5   BANK6   BANK7   BANK8   BANK9  BANK10  BANK11  BANK12  BANK13  BANK14  BANK15
      Params:         0       0       0       0       0       0       0       0       0       0       0       0       0       0       0       0       0
      Locals:         0       0       0       0       0       0       0       0       0       0       0       0       0       0       0       0       0
      Temps:          2       0       0       0       0       0       0       0       0       0       0       0       0       0       0       0       0
      Totals:         2       0       0       0       0       0       0       0       0       0       0       0       0       0       0       0       0
Total ram usage:        2 bytes
 Hardware stack levels used:    1
 Hardware stack levels required when called:    7
 This function calls:
		_disp_texto
		_display_setCursor
		_display_setTextColor2
		_display_setTextSize
		_fillScreen
		_uartReadByte
 This function is called by:
		_main
 This function uses a non-reentrant model


 *************** function _uartReadByte *****************
 Defined at:
		line 124 in file "user.c"
 Parameters:    Size  Location     Type
  receivedByte    1    0[COMRAM] PTR unsigned char 
		 -> actmef@dato2(1), actmef@dato1(1), 
 Auto vars:     Size  Location     Type
		None
 Return value:  Size  Location     Type
                  1    wreg      unsigned char 
 Registers used:
		wreg, fsr2l, fsr2h, status,2
 Tracked objects:
		On entry : 
		On exit  : 
		Unchanged: 
 Data sizes:     COMRAM   BANK0   BANK1   BANK2   BANK3   BANK4   BANK5   BANK6   BANK7   BANK8   BANK9  BANK10  BANK11  BANK12  BANK13  BANK14  BANK15
      Params:         1       0       0       0       0       0       0       0       0       0       0       0       0       0       0       0       0
      Locals:         0       0       0       0       0       0       0       0       0       0       0       0       0       0       0       0       0
      Temps:          0       0       0       0       0       0       0       0       0       0       0       0       0       0       0       0       0
      Totals:         1       0       0       0       0       0       0       0       0       0       0       0       0       0       0       0       0
Total ram usage:        1 bytes
 Hardware stack levels used:    1
 Hardware stack levels required when called:    1
 This function calls:
		Nothing
 This function is called by:
		_actmef
 This function uses a non-reentrant model


 *************** function _fillScreen *****************
 Defined at:
		line 301 in file "ILI9341.c"
 Parameters:    Size  Location     Type
  color           2   36[COMRAM] unsigned int 
 Auto vars:     Size  Location     Type
		None
 Return value:  Size  Location     Type
                  1    wreg      void 
 Registers used:
		wreg, status,2, status,0, cstack
 Tracked objects:
		On entry : 
		On exit  : 
		Unchanged: 
 Data sizes:     COMRAM   BANK0   BANK1   BANK2   BANK3   BANK4   BANK5   BANK6   BANK7   BANK8   BANK9  BANK10  BANK11  BANK12  BANK13  BANK14  BANK15
      Params:         2       0       0       0       0       0       0       0       0       0       0       0       0       0       0       0       0
      Locals:         0       0       0       0       0       0       0       0       0       0       0       0       0       0       0       0       0
      Temps:          0       0       0       0       0       0       0       0       0       0       0       0       0       0       0       0       0
      Totals:         2       0       0       0       0       0       0       0       0       0       0       0       0       0       0       0       0
Total ram usage:        2 bytes
 Hardware stack levels used:    1
 Hardware stack levels required when called:    5
 This function calls:
		_fillRect
 This function is called by:
		_main
		_actmef
 This function uses a non-reentrant model


 *************** function _display_setTextSize *****************
 Defined at:
		line 632 in file "GFX_Library.c"
 Parameters:    Size  Location     Type
  s               1    wreg     unsigned char 
 Auto vars:     Size  Location     Type
  s               1    2[COMRAM] unsigned char 
 Return value:  Size  Location     Type
                  1    wreg      void 
 Registers used:
		wreg, status,2
 Tracked objects:
		On entry : 
		On exit  : 
		Unchanged: 
 Data sizes:     COMRAM   BANK0   BANK1   BANK2   BANK3   BANK4   BANK5   BANK6   BANK7   BANK8   BANK9  BANK10  BANK11  BANK12  BANK13  BANK14  BANK15
      Params:         0       0       0       0       0       0       0       0       0       0       0       0       0       0       0       0       0
      Locals:         3       0       0       0       0       0       0       0       0       0       0       0       0       0       0       0       0
      Temps:          0       0       0       0       0       0       0       0       0       0       0       0       0       0       0       0       0
      Totals:         3       0       0       0       0       0       0       0       0       0       0       0       0       0       0       0       0
Total ram usage:        3 bytes
 Hardware stack levels used:    1
 Hardware stack levels required when called:    1
 This function calls:
		Nothing
 This function is called by:
		_actmef
 This function uses a non-reentrant model


 *************** function _display_setTextColor2 *****************
 Defined at:
		line 654 in file "GFX_Library.c"
 Parameters:    Size  Location     Type
  c               2    0[COMRAM] unsigned int 
 Auto vars:     Size  Location     Type
		None
 Return value:  Size  Location     Type
                  1    wreg      void 
 Registers used:
		None
 Tracked objects:
		On entry : 
		On exit  : 
		Unchanged: 
 Data sizes:     COMRAM   BANK0   BANK1   BANK2   BANK3   BANK4   BANK5   BANK6   BANK7   BANK8   BANK9  BANK10  BANK11  BANK12  BANK13  BANK14  BANK15
      Params:         2       0       0       0       0       0       0       0       0       0       0       0       0       0       0       0       0
      Locals:         0       0       0       0       0       0       0       0       0       0       0       0       0       0       0       0       0
      Temps:          0       0       0       0       0       0       0       0       0       0       0       0       0       0       0       0       0
      Totals:         2       0       0       0       0       0       0       0       0       0       0       0       0       0       0       0       0
Total ram usage:        2 bytes
 Hardware stack levels used:    1
 Hardware stack levels required when called:    1
 This function calls:
		Nothing
 This function is called by:
		_actmef
 This function uses a non-reentrant model


 *************** function _display_setCursor *****************
 Defined at:
		line 601 in file "GFX_Library.c"
 Parameters:    Size  Location     Type
  x               2    0[COMRAM] unsigned int 
  y               2    2[COMRAM] unsigned int 
 Auto vars:     Size  Location     Type
		None
 Return value:  Size  Location     Type
                  1    wreg      void 
 Registers used:
		None
 Tracked objects:
		On entry : 
		On exit  : 
		Unchanged: 
 Data sizes:     COMRAM   BANK0   BANK1   BANK2   BANK3   BANK4   BANK5   BANK6   BANK7   BANK8   BANK9  BANK10  BANK11  BANK12  BANK13  BANK14  BANK15
      Params:         4       0       0       0       0       0       0       0       0       0       0       0       0       0       0       0       0
      Locals:         0       0       0       0       0       0       0       0       0       0       0       0       0       0       0       0       0
      Temps:          0       0       0       0       0       0       0       0       0       0       0       0       0       0       0       0       0
      Totals:         4       0       0       0       0       0       0       0       0       0       0       0       0       0       0       0       0
Total ram usage:        4 bytes
 Hardware stack levels used:    1
 Hardware stack levels required when called:    1
 This function calls:
		Nothing
 This function is called by:
		_actmef
 This function uses a non-reentrant model


 *************** function _disp_texto *****************
 Defined at:
		line 111 in file "main.c"
 Parameters:    Size  Location     Type
  cadena          2   44[COMRAM] PTR unsigned char 
		 -> STR_14(29), actmef@hr(10), actmef@s02(10), STR_13(18), 
		 -> STR_12(28), STR_11(21), STR_10(22), STR_9(30), 
		 -> STR_8(29), STR_7(29), STR_6(18), STR_5(8), 
		 -> STR_4(3), STR_3(11), STR_2(10), STR_1(15), 
 Auto vars:     Size  Location     Type
  i               1   48[COMRAM] unsigned char 
 Return value:  Size  Location     Type
                  1    wreg      void 
 Registers used:
		wreg, fsr0l, fsr0h, status,2, status,0, tblptrl, tblptrh, tblptru, prodl, prodh, cstack
 Tracked objects:
		On entry : 
		On exit  : 
		Unchanged: 
 Data sizes:     COMRAM   BANK0   BANK1   BANK2   BANK3   BANK4   BANK5   BANK6   BANK7   BANK8   BANK9  BANK10  BANK11  BANK12  BANK13  BANK14  BANK15
      Params:         2       0       0       0       0       0       0       0       0       0       0       0       0       0       0       0       0
      Locals:         1       0       0       0       0       0       0       0       0       0       0       0       0       0       0       0       0
      Temps:          2       0       0       0       0       0       0       0       0       0       0       0       0       0       0       0       0
      Totals:         5       0       0       0       0       0       0       0       0       0       0       0       0       0       0       0       0
Total ram usage:        5 bytes
 Hardware stack levels used:    1
 Hardware stack levels required when called:    6
 This function calls:
		_display_print
 This function is called by:
		_actmef
 This function uses a non-reentrant model


 *************** function _display_print *****************
 Defined at:
		line 468 in file "GFX_Library.c"
 Parameters:    Size  Location     Type
  c               1    wreg     unsigned char 
 Auto vars:     Size  Location     Type
  c               1   41[COMRAM] unsigned char 
  j               1   42[COMRAM] unsigned char 
  line            1   40[COMRAM] unsigned char 
  i               1   43[COMRAM] unsigned char 
 Return value:  Size  Location     Type
                  1    wreg      void 
 Registers used:
		wreg, status,2, status,0, tblptrl, tblptrh, tblptru, prodl, prodh, cstack
 Tracked objects:
		On entry : 
		On exit  : 
		Unchanged: 
 Data sizes:     COMRAM   BANK0   BANK1   BANK2   BANK3   BANK4   BANK5   BANK6   BANK7   BANK8   BANK9  BANK10  BANK11  BANK12  BANK13  BANK14  BANK15
      Params:         0       0       0       0       0       0       0       0       0       0       0       0       0       0       0       0       0
      Locals:         4       0       0       0       0       0       0       0       0       0       0       0       0       0       0       0       0
      Temps:          4       0       0       0       0       0       0       0       0       0       0       0       0       0       0       0       0
      Totals:         8       0       0       0       0       0       0       0       0       0       0       0       0       0       0       0       0
Total ram usage:        8 bytes
 Hardware stack levels used:    1
 Hardware stack levels required when called:    5
 This function calls:
		_drawPixel
		_drawVLine
		_fillRect
 This function is called by:
		_disp_texto
 This function uses a non-reentrant model


 *************** function _fillRect *****************
 Defined at:
		line 275 in file "ILI9341.c"
 Parameters:    Size  Location     Type
  x               2   16[COMRAM] unsigned int 
  y               2   18[COMRAM] unsigned int 
  w               2   20[COMRAM] unsigned int 
  h               2   22[COMRAM] unsigned int 
  color           2   24[COMRAM] unsigned int 
 Auto vars:     Size  Location     Type
  px              4   30[COMRAM] unsigned long 
  lo              1   35[COMRAM] unsigned char 
  hi              1   34[COMRAM] unsigned char 
 Return value:  Size  Location     Type
                  1    wreg      void 
 Registers used:
		wreg, status,2, status,0, cstack
 Tracked objects:
		On entry : 
		On exit  : 
		Unchanged: 
 Data sizes:     COMRAM   BANK0   BANK1   BANK2   BANK3   BANK4   BANK5   BANK6   BANK7   BANK8   BANK9  BANK10  BANK11  BANK12  BANK13  BANK14  BANK15
      Params:        10       0       0       0       0       0       0       0       0       0       0       0       0       0       0       0       0
      Locals:         6       0       0       0       0       0       0       0       0       0       0       0       0       0       0       0       0
      Temps:          4       0       0       0       0       0       0       0       0       0       0       0       0       0       0       0       0
      Totals:        20       0       0       0       0       0       0       0       0       0       0       0       0       0       0       0       0
Total ram usage:       20 bytes
 Hardware stack levels used:    1
 Hardware stack levels required when called:    4
 This function calls:
		_SPI1_ExchangeByte
		___lmul
		_endWrite
		_setAddrWindow
		_startWrite
 This function is called by:
		_actmefcora
		_display_print
		_fillScreen
 This function uses a non-reentrant model


 *************** function ___lmul *****************
 Defined at:
		line 15 in file "D:\MPlab\pic\sources\c90\common\Umul32.c"
 Parameters:    Size  Location     Type
  multiplier      4    0[COMRAM] unsigned long 
  multiplicand    4    4[COMRAM] unsigned long 
 Auto vars:     Size  Location     Type
  product         4    8[COMRAM] unsigned long 
 Return value:  Size  Location     Type
                  4    0[COMRAM] unsigned long 
 Registers used:
		wreg, status,2, status,0
 Tracked objects:
		On entry : 
		On exit  : 
		Unchanged: 
 Data sizes:     COMRAM   BANK0   BANK1   BANK2   BANK3   BANK4   BANK5   BANK6   BANK7   BANK8   BANK9  BANK10  BANK11  BANK12  BANK13  BANK14  BANK15
      Params:         8       0       0       0       0       0       0       0       0       0       0       0       0       0       0       0       0
      Locals:         4       0       0       0       0       0       0       0       0       0       0       0       0       0       0       0       0
      Temps:          0       0       0       0       0       0       0       0       0       0       0       0       0       0       0       0       0
      Totals:        12       0       0       0       0       0       0       0       0       0       0       0       0       0       0       0       0
Total ram usage:       12 bytes
 Hardware stack levels used:    1
 Hardware stack levels required when called:    1
 This function calls:
		Nothing
 This function is called by:
		_fillRect
 This function uses a non-reentrant model


 *************** function _drawVLine *****************
 Defined at:
		line 250 in file "ILI9341.c"
 Parameters:    Size  Location     Type
  x               2   16[COMRAM] unsigned int 
  y               2   18[COMRAM] unsigned int 
  h               2   20[COMRAM] unsigned int 
  color           2   22[COMRAM] unsigned int 
 Auto vars:     Size  Location     Type
  lo              1   29[COMRAM] unsigned char 
  hi              1   28[COMRAM] unsigned char 
 Return value:  Size  Location     Type
                  1    wreg      void 
 Registers used:
		wreg, status,2, status,0, cstack
 Tracked objects:
		On entry : 
		On exit  : 
		Unchanged: 
 Data sizes:     COMRAM   BANK0   BANK1   BANK2   BANK3   BANK4   BANK5   BANK6   BANK7   BANK8   BANK9  BANK10  BANK11  BANK12  BANK13  BANK14  BANK15
      Params:         8       0       0       0       0       0       0       0       0       0       0       0       0       0       0       0       0
      Locals:         2       0       0       0       0       0       0       0       0       0       0       0       0       0       0       0       0
      Temps:          4       0       0       0       0       0       0       0       0       0       0       0       0       0       0       0       0
      Totals:        14       0       0       0       0       0       0       0       0       0       0       0       0       0       0       0       0
Total ram usage:       14 bytes
 Hardware stack levels used:    1
 Hardware stack levels required when called:    4
 This function calls:
		_SPI1_ExchangeByte
		_endWrite
		_setAddrWindow
		_startWrite
 This function is called by:
		_display_print
 This function uses a non-reentrant model


 *************** function _drawPixel *****************
 Defined at:
		line 206 in file "ILI9341.c"
 Parameters:    Size  Location     Type
  x               2   16[COMRAM] unsigned int 
  y               2   18[COMRAM] unsigned int 
  color           2   20[COMRAM] unsigned int 
 Auto vars:     Size  Location     Type
		None
 Return value:  Size  Location     Type
                  1    wreg      void 
 Registers used:
		wreg, status,2, status,0, cstack
 Tracked objects:
		On entry : 
		On exit  : 
		Unchanged: 
 Data sizes:     COMRAM   BANK0   BANK1   BANK2   BANK3   BANK4   BANK5   BANK6   BANK7   BANK8   BANK9  BANK10  BANK11  BANK12  BANK13  BANK14  BANK15
      Params:         6       0       0       0       0       0       0       0       0       0       0       0       0       0       0       0       0
      Locals:         0       0       0       0       0       0       0       0       0       0       0       0       0       0       0       0       0
      Temps:          0       0       0       0       0       0       0       0       0       0       0       0       0       0       0       0       0
      Totals:         6       0       0       0       0       0       0       0       0       0       0       0       0       0       0       0       0
Total ram usage:        6 bytes
 Hardware stack levels used:    1
 Hardware stack levels required when called:    4
 This function calls:
		_SPI1_ExchangeByte
		_endWrite
		_setAddrWindow
		_startWrite
 This function is called by:
		_display_print
 This function uses a non-reentrant model


 *************** function _startWrite *****************
 Defined at:
		line 54 in file "ILI9341.c"
 Parameters:    Size  Location     Type
		None
 Auto vars:     Size  Location     Type
		None
 Return value:  Size  Location     Type
                  1    wreg      void 
 Registers used:
		None
 Tracked objects:
		On entry : 
		On exit  : 
		Unchanged: 
 Data sizes:     COMRAM   BANK0   BANK1   BANK2   BANK3   BANK4   BANK5   BANK6   BANK7   BANK8   BANK9  BANK10  BANK11  BANK12  BANK13  BANK14  BANK15
      Params:         0       0       0       0       0       0       0       0       0       0       0       0       0       0       0       0       0
      Locals:         0       0       0       0       0       0       0       0       0       0       0       0       0       0       0       0       0
      Temps:          0       0       0       0       0       0       0       0       0       0       0       0       0       0       0       0       0
      Totals:         0       0       0       0       0       0       0       0       0       0       0       0       0       0       0       0       0
Total ram usage:        0 bytes
 Hardware stack levels used:    1
 Hardware stack levels required when called:    1
 This function calls:
		Nothing
 This function is called by:
		_tft_begin
		_setRotation
		_drawPixel
		_drawVLine
		_fillRect
 This function uses a non-reentrant model


 *************** function _setAddrWindow *****************
 Defined at:
		line 153 in file "ILI9341.c"
 Parameters:    Size  Location     Type
  x1              2    2[COMRAM] unsigned int 
  y1              2    4[COMRAM] unsigned int 
  w               2    6[COMRAM] unsigned int 
  h               2    8[COMRAM] unsigned int 
 Auto vars:     Size  Location     Type
  y2              2   14[COMRAM] unsigned int 
  x2              2   12[COMRAM] unsigned int 
 Return value:  Size  Location     Type
                  1    wreg      void 
 Registers used:
		wreg, status,2, status,0, cstack
 Tracked objects:
		On entry : 
		On exit  : 
		Unchanged: 
 Data sizes:     COMRAM   BANK0   BANK1   BANK2   BANK3   BANK4   BANK5   BANK6   BANK7   BANK8   BANK9  BANK10  BANK11  BANK12  BANK13  BANK14  BANK15
      Params:         8       0       0       0       0       0       0       0       0       0       0       0       0       0       0       0       0
      Locals:         4       0       0       0       0       0       0       0       0       0       0       0       0       0       0       0       0
      Temps:          2       0       0       0       0       0       0       0       0       0       0       0       0       0       0       0       0
      Totals:        14       0       0       0       0       0       0       0       0       0       0       0       0       0       0       0       0
Total ram usage:       14 bytes
 Hardware stack levels used:    1
 Hardware stack levels required when called:    3
 This function calls:
		_SPI1_ExchangeByte
		_writeCommand
 This function is called by:
		_drawPixel
		_drawVLine
		_fillRect
 This function uses a non-reentrant model


 *************** function _writeCommand *****************
 Defined at:
		line 81 in file "ILI9341.c"
 Parameters:    Size  Location     Type
  cmd             1    wreg     unsigned char 
 Auto vars:     Size  Location     Type
  cmd             1    1[COMRAM] unsigned char 
 Return value:  Size  Location     Type
                  1    wreg      void 
 Registers used:
		wreg, status,2, cstack
 Tracked objects:
		On entry : 
		On exit  : 
		Unchanged: 
 Data sizes:     COMRAM   BANK0   BANK1   BANK2   BANK3   BANK4   BANK5   BANK6   BANK7   BANK8   BANK9  BANK10  BANK11  BANK12  BANK13  BANK14  BANK15
      Params:         0       0       0       0       0       0       0       0       0       0       0       0       0       0       0       0       0
      Locals:         1       0       0       0       0       0       0       0       0       0       0       0       0       0       0       0       0
      Temps:          0       0       0       0       0       0       0       0       0       0       0       0       0       0       0       0       0
      Totals:         1       0       0       0       0       0       0       0       0       0       0       0       0       0       0       0       0
Total ram usage:        1 bytes
 Hardware stack levels used:    1
 Hardware stack levels required when called:    2
 This function calls:
		_SPI1_ExchangeByte
 This function is called by:
		_tft_begin
		_setAddrWindow
		_setRotation
 This function uses a non-reentrant model


 *************** function _SPI1_ExchangeByte *****************
 Defined at:
		line 94 in file "spi1.c"
 Parameters:    Size  Location     Type
  data            1    wreg     unsigned char 
 Auto vars:     Size  Location     Type
  data            1    0[COMRAM] unsigned char 
 Return value:  Size  Location     Type
                  1    wreg      unsigned char 
 Registers used:
		wreg, status,2
 Tracked objects:
		On entry : 
		On exit  : 
		Unchanged: 
 Data sizes:     COMRAM   BANK0   BANK1   BANK2   BANK3   BANK4   BANK5   BANK6   BANK7   BANK8   BANK9  BANK10  BANK11  BANK12  BANK13  BANK14  BANK15
      Params:         0       0       0       0       0       0       0       0       0       0       0       0       0       0       0       0       0
      Locals:         1       0       0       0       0       0       0       0       0       0       0       0       0       0       0       0       0
      Temps:          0       0       0       0       0       0       0       0       0       0       0       0       0       0       0       0       0
      Totals:         1       0       0       0       0       0       0       0       0       0       0       0       0       0       0       0       0
Total ram usage:        1 bytes
 Hardware stack levels used:    1
 Hardware stack levels required when called:    1
 This function calls:
		Nothing
 This function is called by:
		_writeCommand
		_tft_begin
		_setAddrWindow
		_setRotation
		_drawPixel
		_drawVLine
		_fillRect
 This function uses a non-reentrant model


 *************** function _endWrite *****************
 Defined at:
		line 66 in file "ILI9341.c"
 Parameters:    Size  Location     Type
		None
 Auto vars:     Size  Location     Type
		None
 Return value:  Size  Location     Type
                  1    wreg      void 
 Registers used:
		None
 Tracked objects:
		On entry : 
		On exit  : 
		Unchanged: 
 Data sizes:     COMRAM   BANK0   BANK1   BANK2   BANK3   BANK4   BANK5   BANK6   BANK7   BANK8   BANK9  BANK10  BANK11  BANK12  BANK13  BANK14  BANK15
      Params:         0       0       0       0       0       0       0       0       0       0       0       0       0       0       0       0       0
      Locals:         0       0       0       0       0       0       0       0       0       0       0       0       0       0       0       0       0
      Temps:          0       0       0       0       0       0       0       0       0       0       0       0       0       0       0       0       0
      Totals:         0       0       0       0       0       0       0       0       0       0       0       0       0       0       0       0       0
Total ram usage:        0 bytes
 Hardware stack levels used:    1
 Hardware stack levels required when called:    1
 This function calls:
		Nothing
 This function is called by:
		_tft_begin
		_setRotation
		_drawPixel
		_drawVLine
		_fillRect
 This function uses a non-reentrant model


 *************** function _SYSTEM_Initialize *****************
 Defined at:
		line 52 in file "mcc.c"
 Parameters:    Size  Location     Type
		None
 Auto vars:     Size  Location     Type
		None
 Return value:  Size  Location     Type
                  1    wreg      void 
 Registers used:
		wreg, status,2, cstack
 Tracked objects:
		On entry : 
		On exit  : 
		Unchanged: 
 Data sizes:     COMRAM   BANK0   BANK1   BANK2   BANK3   BANK4   BANK5   BANK6   BANK7   BANK8   BANK9  BANK10  BANK11  BANK12  BANK13  BANK14  BANK15
      Params:         0       0       0       0       0       0       0       0       0       0       0       0       0       0       0       0       0
      Locals:         0       0       0       0       0       0       0       0       0       0       0       0       0       0       0       0       0
      Temps:          0       0       0       0       0       0       0       0       0       0       0       0       0       0       0       0       0
      Totals:         0       0       0       0       0       0       0       0       0       0       0       0       0       0       0       0       0
Total ram usage:        0 bytes
 Hardware stack levels used:    1
 Hardware stack levels required when called:    2
 This function calls:
		_OSCILLATOR_Initialize
		_PIN_MANAGER_Initialize
		_PMD_Initialize
		_SPI1_Initialize
 This function is called by:
		_main
 This function uses a non-reentrant model


 *************** function _SPI1_Initialize *****************
 Defined at:
		line 62 in file "spi1.c"
 Parameters:    Size  Location     Type
		None
 Auto vars:     Size  Location     Type
		None
 Return value:  Size  Location     Type
                  1    wreg      void 
 Registers used:
		wreg, status,2
 Tracked objects:
		On entry : 
		On exit  : 
		Unchanged: 
 Data sizes:     COMRAM   BANK0   BANK1   BANK2   BANK3   BANK4   BANK5   BANK6   BANK7   BANK8   BANK9  BANK10  BANK11  BANK12  BANK13  BANK14  BANK15
      Params:         0       0       0       0       0       0       0       0       0       0       0       0       0       0       0       0       0
      Locals:         0       0       0       0       0       0       0       0       0       0       0       0       0       0       0       0       0
      Temps:          0       0       0       0       0       0       0       0       0       0       0       0       0       0       0       0       0
      Totals:         0       0       0       0       0       0       0       0       0       0       0       0       0       0       0       0       0
Total ram usage:        0 bytes
 Hardware stack levels used:    1
 Hardware stack levels required when called:    1
 This function calls:
		Nothing
 This function is called by:
		_SYSTEM_Initialize
 This function uses a non-reentrant model


 *************** function _PMD_Initialize *****************
 Defined at:
		line 74 in file "mcc.c"
 Parameters:    Size  Location     Type
		None
 Auto vars:     Size  Location     Type
		None
 Return value:  Size  Location     Type
                  1    wreg      void 
 Registers used:
		None
 Tracked objects:
		On entry : 
		On exit  : 
		Unchanged: 
 Data sizes:     COMRAM   BANK0   BANK1   BANK2   BANK3   BANK4   BANK5   BANK6   BANK7   BANK8   BANK9  BANK10  BANK11  BANK12  BANK13  BANK14  BANK15
      Params:         0       0       0       0       0       0       0       0       0       0       0       0       0       0       0       0       0
      Locals:         0       0       0       0       0       0       0       0       0       0       0       0       0       0       0       0       0
      Temps:          0       0       0       0       0       0       0       0       0       0       0       0       0       0       0       0       0
      Totals:         0       0       0       0       0       0       0       0       0       0       0       0       0       0       0       0       0
Total ram usage:        0 bytes
 Hardware stack levels used:    1
 Hardware stack levels required when called:    1
 This function calls:
		Nothing
 This function is called by:
		_SYSTEM_Initialize
 This function uses a non-reentrant model


 *************** function _PIN_MANAGER_Initialize *****************
 Defined at:
		line 55 in file "pin_manager.c"
 Parameters:    Size  Location     Type
		None
 Auto vars:     Size  Location     Type
		None
 Return value:  Size  Location     Type
                  1    wreg      void 
 Registers used:
		wreg, status,2
 Tracked objects:
		On entry : 
		On exit  : 
		Unchanged: 
 Data sizes:     COMRAM   BANK0   BANK1   BANK2   BANK3   BANK4   BANK5   BANK6   BANK7   BANK8   BANK9  BANK10  BANK11  BANK12  BANK13  BANK14  BANK15
      Params:         0       0       0       0       0       0       0       0       0       0       0       0       0       0       0       0       0
      Locals:         0       0       0       0       0       0       0       0       0       0       0       0       0       0       0       0       0
      Temps:          0       0       0       0       0       0       0       0       0       0       0       0       0       0       0       0       0
      Totals:         0       0       0       0       0       0       0       0       0       0       0       0       0       0       0       0       0
Total ram usage:        0 bytes
 Hardware stack levels used:    1
 Hardware stack levels required when called:    1
 This function calls:
		Nothing
 This function is called by:
		_SYSTEM_Initialize
 This function uses a non-reentrant model


 *************** function _OSCILLATOR_Initialize *****************
 Defined at:
		line 60 in file "mcc.c"
 Parameters:    Size  Location     Type
		None
 Auto vars:     Size  Location     Type
		None
 Return value:  Size  Location     Type
                  1    wreg      void 
 Registers used:
		wreg, status,2
 Tracked objects:
		On entry : 
		On exit  : 
		Unchanged: 
 Data sizes:     COMRAM   BANK0   BANK1   BANK2   BANK3   BANK4   BANK5   BANK6   BANK7   BANK8   BANK9  BANK10  BANK11  BANK12  BANK13  BANK14  BANK15
      Params:         0       0       0       0       0       0       0       0       0       0       0       0       0       0       0       0       0
      Locals:         0       0       0       0       0       0       0       0       0       0       0       0       0       0       0       0       0
      Temps:          0       0       0       0       0       0       0       0       0       0       0       0       0       0       0       0       0
      Totals:         0       0       0       0       0       0       0       0       0       0       0       0       0       0       0       0       0
Total ram usage:        0 bytes
 Hardware stack levels used:    1
 Hardware stack levels required when called:    1
 This function calls:
		Nothing
 This function is called by:
		_SYSTEM_Initialize
 This function uses a non-reentrant model


 *************** function _SPI1_Open *****************
 Defined at:
		line 74 in file "spi1.c"
 Parameters:    Size  Location     Type
  spi1UniqueCo    1    wreg     enum E92
 Auto vars:     Size  Location     Type
  spi1UniqueCo    1    1[COMRAM] enum E92
 Return value:  Size  Location     Type
                  1    wreg      unsigned char 
 Registers used:
		wreg, status,2, status,0, tblptrl, tblptrh, tblptru, prodl, prodh
 Tracked objects:
		On entry : 
		On exit  : 
		Unchanged: 
 Data sizes:     COMRAM   BANK0   BANK1   BANK2   BANK3   BANK4   BANK5   BANK6   BANK7   BANK8   BANK9  BANK10  BANK11  BANK12  BANK13  BANK14  BANK15
      Params:         0       0       0       0       0       0       0       0       0       0       0       0       0       0       0       0       0
      Locals:         1       0       0       0       0       0       0       0       0       0       0       0       0       0       0       0       0
      Temps:          1       0       0       0       0       0       0       0       0       0       0       0       0       0       0       0       0
      Totals:         2       0       0       0       0       0       0       0       0       0       0       0       0       0       0       0       0
Total ram usage:        2 bytes
 Hardware stack levels used:    1
 Hardware stack levels required when called:    1
 This function calls:
		Nothing
 This function is called by:
		_main
 This function uses a non-reentrant model


 *************** function _InitApp *****************
 Defined at:
		line 19 in file "user.c"
 Parameters:    Size  Location     Type
		None
 Auto vars:     Size  Location     Type
		None
 Return value:  Size  Location     Type
                  1    wreg      void 
 Registers used:
		wreg, status,2, cstack
 Tracked objects:
		On entry : 
		On exit  : 
		Unchanged: 
 Data sizes:     COMRAM   BANK0   BANK1   BANK2   BANK3   BANK4   BANK5   BANK6   BANK7   BANK8   BANK9  BANK10  BANK11  BANK12  BANK13  BANK14  BANK15
      Params:         0       0       0       0       0       0       0       0       0       0       0       0       0       0       0       0       0
      Locals:         0       0       0       0       0       0       0       0       0       0       0       0       0       0       0       0       0
      Temps:          0       0       0       0       0       0       0       0       0       0       0       0       0       0       0       0       0
      Totals:         0       0       0       0       0       0       0       0       0       0       0       0       0       0       0       0       0
Total ram usage:        0 bytes
 Hardware stack levels used:    1
 Hardware stack levels required when called:    2
 This function calls:
		_uartConfig
 This function is called by:
		_main
 This function uses a non-reentrant model


 *************** function _uartConfig *****************
 Defined at:
		line 64 in file "user.c"
 Parameters:    Size  Location     Type
		None
 Auto vars:     Size  Location     Type
		None
 Return value:  Size  Location     Type
                  1    wreg      void 
 Registers used:
		wreg, status,2
 Tracked objects:
		On entry : 
		On exit  : 
		Unchanged: 
 Data sizes:     COMRAM   BANK0   BANK1   BANK2   BANK3   BANK4   BANK5   BANK6   BANK7   BANK8   BANK9  BANK10  BANK11  BANK12  BANK13  BANK14  BANK15
      Params:         0       0       0       0       0       0       0       0       0       0       0       0       0       0       0       0       0
      Locals:         0       0       0       0       0       0       0       0       0       0       0       0       0       0       0       0       0
      Temps:          0       0       0       0       0       0       0       0       0       0       0       0       0       0       0       0       0
      Totals:         0       0       0       0       0       0       0       0       0       0       0       0       0       0       0       0       0
Total ram usage:        0 bytes
 Hardware stack levels used:    1
 Hardware stack levels required when called:    1
 This function calls:
		Nothing
 This function is called by:
		_InitApp
 This function uses a non-reentrant model


 *************** function _isr *****************
 Defined at:
		line 12 in file "interrupts.c"
 Parameters:    Size  Location     Type
		None
 Auto vars:     Size  Location     Type
		None
 Return value:  Size  Location     Type
                  1    wreg      void 
 Registers used:
		wreg, status,2, status,0
 Tracked objects:
		On entry : 
		On exit  : 
		Unchanged: 
 Data sizes:     COMRAM   BANK0   BANK1   BANK2   BANK3   BANK4   BANK5   BANK6   BANK7   BANK8   BANK9  BANK10  BANK11  BANK12  BANK13  BANK14  BANK15
      Params:         0       0       0       0       0       0       0       0       0       0       0       0       0       0       0       0       0
      Locals:         0       0       0       0       0       0       0       0       0       0       0       0       0       0       0       0       0
      Temps:          0       0       0       0       0       0       0       0       0       0       0       0       0       0       0       0       0
      Totals:         0       0       0       0       0       0       0       0       0       0       0       0       0       0       0       0       0
Total ram usage:        0 bytes
 Hardware stack levels used:    1
 This function calls:
		Nothing
 This function is called by:
		Interrupt level 2
 This function uses a non-reentrant model



MODULE INFORMATION

Module		Function		Class		Link	Load	Size
GFX_Library.c
		_display_setTextSize		CODE           	0C4C	0000	30
		_display_print 		CODE           	0012	0000	662
		_display_setCursor		CODE           	0CBA	0000	18
		_display_setTextColor2		CODE           	0CA8	0000	18

GFX_Library.c estimated size: 728

interrupts.c
		_isr           		CODE           	0008	0000	38

interrupts.c estimated size: 38

D:\MPlab\pic\sources\c90\common\Umul32.c
		___lmul        		CODE           	0ACC	0000	86

D:\MPlab\pic\sources\c90\common\Umul32.c estimated size: 86

ILI9341.c
		_startWrite    		CODE           	0D1C	0000	4
		_fillScreen    		CODE           	0BAE	0000	46
		_tft_begin     		CODE           	06F6	0000	234
		_writeCommand  		CODE           	0CEE	0000	14
		_drawVLine     		CODE           	07E0	0000	168
		_setAddrWindow 		CODE           	0916	0000	116
		_setRotation   		CODE           	09FA	0000	108
		_fillRect      		CODE           	05DA	0000	284
		_drawPixel     		CODE           	0B22	0000	82
		_endWrite      		CODE           	0D10	0000	6

ILI9341.c estimated size: 1062

shared
		_font          		MEDIUMCONST    	F97F	0000	1280
		_initcmd       		MEDIUMCONST    	FE83	0000	111
		__initialization		CODE           	0B74	0000	44
		_spi1_configuration		MEDIUMCONST    	FE7F	0000	4

shared estimated size: 1439

mcc.c
		_PMD_Initialize		CODE           	0D20	0000	2
		_OSCILLATOR_Initialize		CODE           	0D16	0000	6
		_SYSTEM_Initialize		CODE           	0CCC	0000	18

mcc.c estimated size: 26

spi1.c
		_SPI1_Open     		CODE           	0888	0000	142
		_SPI1_Initialize		CODE           	0C80	0000	20
		_SPI1_ExchangeByte		CODE           	0CDE	0000	16

spi1.c estimated size: 178

user.c
		_inimefcora    		CODE           	0D04	0000	6
		_actmef        		CODE           	046E	0000	364
		_actmefcora    		CODE           	02A8	0000	454
		_InitApp       		CODE           	0BDC	0000	42
		_uartConfig    		CODE           	0C94	0000	20
		_inimef        		CODE           	0D0A	0000	6
		_uartReadByte  		CODE           	0C6A	0000	22

user.c estimated size: 914

pin_manager.c
		_PIN_MANAGER_Initialize		CODE           	0C06	0000	38

pin_manager.c estimated size: 38

main.c
		_main          		CODE           	0A66	0000	102
		_disp_texto    		CODE           	098A	0000	112

main.c estimated size: 214

